
> flash-test@1.0.0 test
> vitest run


 RUN  v4.1.2 /Users/chadmowery/personal/dev/dungeon-runner/nimrata-run

 ✓ src/engine/generation/bsp.test.ts (15 tests) 28ms
 ✓ src/game/generation/dungeon-generator.test.ts (10 tests) 29ms
 ✓ src/components/ui/__tests__/MessageLog.test.tsx (1 test) 15ms
 ✓ src/components/ui/__tests__/NearbyEntities.test.tsx (2 tests) 17ms
 ✓ src/components/ui/__tests__/PlayerHUD.test.tsx (2 tests) 30ms
 ✓ src/engine/turn/turn-manager.test.ts (10 tests) 6ms
 ✓ src/shared/pipeline.test.ts (2 tests) 2ms
stdout | src/game/systems/software.test.ts > Software System > BURN_SOFTWARE Action > burn with valid Software and matching targetSlot succeeds
[2026-05-09T16:37:19.003Z] [DEBUG] [PIPELINE] Processing action: BURN_SOFTWARE { type: 'BURN_SOFTWARE', runInventoryIndex: 0, targetSlot: 'weapon' }

stdout | src/game/systems/software.test.ts > Software System > BURN_SOFTWARE Action > burn with wrong targetSlot is rejected
[2026-05-09T16:37:19.005Z] [DEBUG] [PIPELINE] Processing action: BURN_SOFTWARE { type: 'BURN_SOFTWARE', runInventoryIndex: 0, targetSlot: 'weapon' }

stdout | src/game/systems/software.test.ts > Software System > BURN_SOFTWARE Action > burn with duplicate Software type already active is rejected
[2026-05-09T16:37:19.006Z] [DEBUG] [PIPELINE] Processing action: BURN_SOFTWARE { type: 'BURN_SOFTWARE', runInventoryIndex: 0, targetSlot: 'armor' }

stdout | src/game/systems/software.test.ts > Software System > BURN_SOFTWARE Action > overwrite existing Software on same slot destroys old entity
[2026-05-09T16:37:19.007Z] [DEBUG] [PIPELINE] Processing action: BURN_SOFTWARE { type: 'BURN_SOFTWARE', runInventoryIndex: 0, targetSlot: 'weapon' }

stdout | src/game/systems/software.test.ts > Software System > MOVE_AND_USE_FIRMWARE Action > MOVE_AND_USE_FIRMWARE moves the player and emits PLAYER_ACTION
[2026-05-09T16:37:19.008Z] [DEBUG] [PIPELINE] Processing action: MOVE_AND_USE_FIRMWARE {
  type: 'MOVE_AND_USE_FIRMWARE',
  dx: 1,
  dy: 0,
  firmwareSlotIndex: 0,
  targetX: 2,
  targetY: 0
}

stdout | src/game/systems/software.test.ts > Software System > MOVE_AND_USE_FIRMWARE Action > MOVE_AND_USE_FIRMWARE fails without Auto-Loader
[2026-05-09T16:37:19.008Z] [DEBUG] [PIPELINE] Processing action: MOVE_AND_USE_FIRMWARE {
  type: 'MOVE_AND_USE_FIRMWARE',
  dx: 1,
  dy: 0,
  firmwareSlotIndex: 0,
  targetX: 2,
  targetY: 0
}

 ✓ src/game/systems/software.test.ts (35 tests) 12ms
stdout | src/game/systems/__tests__/interaction.test.ts > Interaction Systems > emits STAIRCASE_INTERACTION and pauses when moving onto stairs
[KernelPanicSystem] Initializing and registering listeners...

stdout | src/game/systems/__tests__/interaction.test.ts > Interaction Systems > does NOT trigger local descent on the client
[KernelPanicSystem] Initializing and registering listeners...

stdout | src/game/systems/__tests__/interaction.test.ts > Interaction Systems > emits ANCHOR_INTERACTION with full data when moving onto anchor
[KernelPanicSystem] Initializing and registering listeners...

 ✓ src/game/systems/__tests__/interaction.test.ts (3 tests) 14ms
 ✓ src/rendering/filters/glitch-effects.test.ts (4 tests) 536ms
     ✓ should apply and then remove damage glitch  534ms
stdout | src/game/__tests__/freeze-repro.test.ts > Engine Freeze Reproduction > should not freeze or deplete health on first move
[KernelPanicSystem] Initializing and registering listeners...
Initial Health: 180
Health after move: 180

stdout | src/game/__tests__/freeze-repro.test.ts > Engine Freeze Reproduction > should emit STAIRCASE_INTERACTION when player steps on a staircase
[KernelPanicSystem] Initializing and registering listeners...

 ✓ src/game/__tests__/freeze-repro.test.ts (2 tests) 33ms
 ✓ src/game/generation/entity-placement.test.ts (7 tests) 17ms
 ✓ src/app/api/admin/__tests__/reset.test.ts (2 tests) 6ms
stdout | src/game/systems/augment-integration.test.ts > Augment Integration > triggers an augment when a firmware ability is activated (ON_ACTIVATION)
[KernelPanicSystem] Initializing and registering listeners...

stdout | src/game/systems/augment-integration.test.ts > Augment Integration > triggers an augment when a firmware ability is activated (ON_ACTIVATION)
[HeatSystem] addHeat: entity 1 +-15 -> new heat: 0
[KernelPanic] EVENT_RECEIVED: HEAT_CHANGED for entity 1 (Old: 20, New: 15)
[KernelPanic] EVENT_RECEIVED: HEAT_CHANGED for entity 1 (Old: 15, New: 0)

stdout | src/game/systems/augment-integration.test.ts > Augment Integration > triggers multiple augments in a single turn (Stacking)
[KernelPanicSystem] Initializing and registering listeners...

stdout | src/game/systems/augment-integration.test.ts > Augment Integration > triggers multiple augments in a single turn (Stacking)
[HeatSystem] addHeat: entity 1 +-15 -> new heat: 20
[HeatSystem] addHeat: entity 1 +-15 -> new heat: 5
[KernelPanic] EVENT_RECEIVED: HEAT_CHANGED for entity 1 (Old: 40, New: 35)
[KernelPanic] EVENT_RECEIVED: HEAT_CHANGED for entity 1 (Old: 35, New: 20)
[KernelPanic] EVENT_RECEIVED: HEAT_CHANGED for entity 1 (Old: 20, New: 5)

stdout | src/game/setup.test.ts > Game Setup Integration > should initialize with all required modules
[KernelPanicSystem] Initializing and registering listeners...

stdout | src/game/systems/augment-integration.test.ts > Augment Integration > handles compound triggers (Static Siphon: ON_ACTIVATION + ON_KILL)
[KernelPanicSystem] Initializing and registering listeners...

stdout | src/game/systems/augment-integration.test.ts > Augment Integration > handles compound triggers (Static Siphon: ON_ACTIVATION + ON_KILL)
[StatusEffectSystem] Applying SHIELD to entity 1 (Duration: 1, Source: unknown)

 ✓ src/game/systems/augment-integration.test.ts (3 tests) 15ms
stdout | src/game/setup.test.ts > Game Setup Integration > should start in Loading state
[KernelPanicSystem] Initializing and registering listeners...

stdout | src/game/systems/status-effects.test.ts > Status Effects System > Functional Tests > applyEffect adds an effect to the effects array
[StatusEffectSystem] Applying CORRUPTION to entity 1 (Duration: 3, Source: unknown)

stdout | src/game/systems/status-effects.test.ts > Status Effects System > Functional Tests > tickDown decrements duration by 1
[StatusEffectSystem] Applying LAG to entity 1 (Duration: 2, Source: unknown)

stdout | src/game/systems/status-effects.test.ts > Status Effects System > Functional Tests > tickDown removes effects at duration 0
[StatusEffectSystem] Applying STUN to entity 1 (Duration: 1, Source: unknown)

stdout | src/game/systems/status-effects.test.ts > Status Effects System > Functional Tests > hasEffect returns true for applied effects
[StatusEffectSystem] Applying TEST to entity 1 (Duration: 1, Source: unknown)

stdout | src/game/systems/status-effects.test.ts > Status Effects System > Functional Tests > hasEffect returns false for expired effects
[StatusEffectSystem] Applying TEST to entity 1 (Duration: 1, Source: unknown)

stdout | src/game/setup.test.ts > Game Setup Integration > should disable input when transitioning to MainMenu
[KernelPanicSystem] Initializing and registering listeners...

stdout | src/game/systems/status-effects.test.ts > Status Effects System > Functional Tests > getMagnitude returns the highest magnitude for overlapping effects
[StatusEffectSystem] Applying SLOW to entity 1 (Duration: 3, Source: unknown)
[StatusEffectSystem] Applying SLOW to entity 1 (Duration: 2, Source: unknown)
[StatusEffectSystem] Applying SLOW to entity 1 (Duration: 5, Source: unknown)

stdout | src/game/systems/status-effects.test.ts > Status Effects System > Functional Tests > getEffectiveCount returns the number of active instances
[StatusEffectSystem] Applying POISON to entity 1 (Duration: 3, Source: unknown)
[StatusEffectSystem] Applying POISON to entity 1 (Duration: 2, Source: unknown)

stdout | src/game/systems/status-effects.test.ts > Status Effects System > Functional Tests > getTotalMagnitude returns the sum of all magnitudes
[StatusEffectSystem] Applying CORRUPTION to entity 1 (Duration: 3, Source: unknown)
[StatusEffectSystem] Applying CORRUPTION to entity 1 (Duration: 2, Source: unknown)

stdout | src/game/setup.test.ts > Game Setup Integration > should enable input and start turn manager when transitioning to Playing
[KernelPanicSystem] Initializing and registering listeners...

stdout | src/game/setup.test.ts > Game Setup Integration > should enable input and start turn manager when transitioning to Playing
[2026-05-09T16:37:19.436Z] [INFO] [SETUP] Entering Playing state
[2026-05-09T16:37:19.437Z] [INFO] [SETUP] Input manager enabled and Turn manager started

stdout | src/game/setup.test.ts > Game Setup Integration > should disable input when pausing
[KernelPanicSystem] Initializing and registering listeners...

stdout | src/game/systems/status-effects.test.ts > Status Effects System > Functional Tests > applyEffect emits STATUS_EFFECT_APPLIED event
[StatusEffectSystem] Applying GLITCH to entity 1 (Duration: 3, Source: TEST_SOURCE)

stdout | src/game/setup.test.ts > Game Setup Integration > should disable input when pausing
[2026-05-09T16:37:19.437Z] [INFO] [SETUP] Entering Playing state
[2026-05-09T16:37:19.437Z] [INFO] [SETUP] Input manager enabled and Turn manager started

stdout | src/game/systems/status-effects.test.ts > Status Effects System > Functional Tests > tickDown emits STATUS_EFFECT_EXPIRED event
[StatusEffectSystem] Applying EXPIRING to entity 1 (Duration: 1, Source: unknown)

stdout | src/game/systems/status-effects.test.ts > Status Effects System > Functional Tests > no longer automatically ticks down on TURN_START
[StatusEffectSystem] Applying TEST to entity 1 (Duration: 2, Source: unknown)

stdout | src/game/setup.test.ts > Game Setup Integration > should process movement through input -> turn manager -> movement system
[KernelPanicSystem] Initializing and registering listeners...

 ✓ src/game/systems/status-effects.test.ts (15 tests) 9ms
stdout | src/game/setup.test.ts > Game Setup Integration > should process movement through input -> turn manager -> movement system
[2026-05-09T16:37:19.438Z] [INFO] [SETUP] Entering Playing state
[2026-05-09T16:37:19.438Z] [INFO] [SETUP] Input manager enabled and Turn manager started
[CLIENT] Fetching /api/action with sessionId: default-session
[2026-05-09T16:37:19.445Z] [INFO] [CLIENT] Sending action to server. SessionId: default-session

stdout | src/game/setup.test.ts > Game Setup Integration > should handle bump-attack when moving into hostile
[KernelPanicSystem] Initializing and registering listeners...

stdout | tests/rendering/reconciliation.test.ts > Reconciliation > should predict player movement and then reconcile with server delta
[KernelPanicSystem] Initializing and registering listeners...
[2026-05-09T16:37:19.444Z] [INFO] [SETUP] Entering Playing state
[2026-05-09T16:37:19.444Z] [INFO] [SETUP] Input manager enabled and Turn manager started
[CLIENT] Fetching /api/action with sessionId: default-session
[2026-05-09T16:37:19.447Z] [INFO] [CLIENT] Sending action to server. SessionId: default-session

stdout | src/game/setup.test.ts > Game Setup Integration > should handle bump-attack when moving into hostile
[2026-05-09T16:37:19.447Z] [INFO] [SETUP] Entering Playing state
[2026-05-09T16:37:19.447Z] [INFO] [SETUP] Input manager enabled and Turn manager started
[CLIENT] Fetching /api/action with sessionId: default-session
[2026-05-09T16:37:19.448Z] [INFO] [CLIENT] Sending action to server. SessionId: default-session

stdout | src/game/setup.test.ts > Game Setup Integration > should transition to Paused when PAUSE action is received in Playing state
[KernelPanicSystem] Initializing and registering listeners...

stdout | src/game/setup.test.ts > Game Setup Integration > should transition to Paused when PAUSE action is received in Playing state
[2026-05-09T16:37:19.449Z] [INFO] [SETUP] Entering Playing state
[2026-05-09T16:37:19.449Z] [INFO] [SETUP] Input manager enabled and Turn manager started

stdout | src/game/setup.test.ts > Game Setup Integration > should transition back to Playing when PAUSE action is received in Paused state
[KernelPanicSystem] Initializing and registering listeners...

stdout | src/game/setup.test.ts > Game Setup Integration > should transition back to Playing when PAUSE action is received in Paused state
[2026-05-09T16:37:19.450Z] [INFO] [SETUP] Entering Playing state
[2026-05-09T16:37:19.450Z] [INFO] [SETUP] Input manager enabled and Turn manager started
[2026-05-09T16:37:19.450Z] [INFO] [SETUP] Entering Playing state
[2026-05-09T16:37:19.450Z] [INFO] [SETUP] Input manager enabled and Turn manager started

 ✓ src/game/setup.test.ts (9 tests) 23ms
stdout | tests/rendering/reconciliation.test.ts > Reconciliation > should correct a client desync via reconciliation (Snap-to-Truth)
[KernelPanicSystem] Initializing and registering listeners...
[2026-05-09T16:37:19.465Z] [INFO] [SETUP] Entering Playing state
[2026-05-09T16:37:19.465Z] [INFO] [SETUP] Input manager enabled and Turn manager started
[CLIENT] Fetching /api/action with sessionId: default-session
[2026-05-09T16:37:19.466Z] [INFO] [CLIENT] Sending action to server. SessionId: default-session

 ✓ tests/rendering/reconciliation.test.ts (2 tests) 32ms
stdout | src/game/systems/kernel-panic.test.ts > KernelPanicSystem > checkOverclock returns null when Heat <= maxSafe
[KernelPanicSystem] Initializing and registering listeners...

stdout | src/game/systems/kernel-panic.test.ts > KernelPanicSystem > checkOverclock returns null when Heat <= maxSafe
[KernelPanic] >> EVALUATING OVERCLOCK for entity 1 <<
[KernelPanic] Heat: 80/100 (80.0%)

stdout | src/game/systems/kernel-panic.test.ts > KernelPanicSystem > checkOverclock selects tier 1 (HUD_GLITCH) for Heat 110% of maxSafe
[KernelPanicSystem] Initializing and registering listeners...

stdout | src/game/systems/kernel-panic.test.ts > KernelPanicSystem > checkOverclock selects tier 1 (HUD_GLITCH) for Heat 110% of maxSafe
[KernelPanic] >> EVALUATING OVERCLOCK for entity 1 <<
[KernelPanic] Heat: 110/100 (110.0%)
[KernelPanic] Eligible tiers: [HUD_GLITCH]
[KernelPanic] Rolling for Tier: HUD_GLITCH (Base 0.15, Stability 0 -> Eff 0.15). Roll: 0.00
[KernelPanic] >> SUCCESS: Applying HUD_GLITCH
[KernelPanic] Panic triggered: HUD_GLITCH

stdout | src/game/systems/kernel-panic.test.ts > KernelPanicSystem > checkOverclock selects tier 2 (INPUT_LAG) for Heat 130% of maxSafe
[KernelPanicSystem] Initializing and registering listeners...

stdout | src/game/systems/kernel-panic.test.ts > KernelPanicSystem > checkOverclock selects tier 2 (INPUT_LAG) for Heat 130% of maxSafe
[KernelPanic] >> EVALUATING OVERCLOCK for entity 1 <<
[KernelPanic] Heat: 130/100 (130.0%)
[KernelPanic] Eligible tiers: [HUD_GLITCH, INPUT_LAG]
[KernelPanic] Rolling for Tier: INPUT_LAG (Base 0.25, Stability 0 -> Eff 0.25). Roll: 0.00
[KernelPanic] >> SUCCESS: Applying INPUT_LAG
[KernelPanic] Panic triggered: INPUT_LAG

stdout | src/game/systems/kernel-panic.test.ts > KernelPanicSystem > checkOverclock selects tier 3 (FIRMWARE_LOCK) for Heat 150% of maxSafe
[KernelPanicSystem] Initializing and registering listeners...

stdout | src/game/systems/kernel-panic.test.ts > KernelPanicSystem > checkOverclock selects tier 3 (FIRMWARE_LOCK) for Heat 150% of maxSafe
[KernelPanic] >> EVALUATING OVERCLOCK for entity 1 <<
[KernelPanic] Heat: 150/100 (150.0%)
[KernelPanic] Eligible tiers: [HUD_GLITCH, INPUT_LAG, FIRMWARE_LOCK]
[KernelPanic] Rolling for Tier: FIRMWARE_LOCK (Base 0.5, Stability 0 -> Eff 0.50). Roll: 0.00
[KernelPanic] >> SUCCESS: Applying FIRMWARE_LOCK
[KernelPanic] Panic triggered: FIRMWARE_LOCK

stdout | src/game/systems/kernel-panic.test.ts > KernelPanicSystem > checkOverclock selects tier 4 (CRITICAL_REBOOT) for Heat 170% of maxSafe
[KernelPanicSystem] Initializing and registering listeners...

stdout | src/game/systems/kernel-panic.test.ts > KernelPanicSystem > checkOverclock selects tier 4 (CRITICAL_REBOOT) for Heat 170% of maxSafe
[KernelPanic] >> EVALUATING OVERCLOCK for entity 1 <<
[KernelPanic] Heat: 170/100 (170.0%)
[KernelPanic] Eligible tiers: [HUD_GLITCH, INPUT_LAG, FIRMWARE_LOCK, CRITICAL_REBOOT]
[KernelPanic] Rolling for Tier: CRITICAL_REBOOT (Base 1, Stability 0 -> Eff 1.00). Roll: 0.00
[KernelPanic] >> SUCCESS: Applying CRITICAL_REBOOT
[KernelPanic] >> CRITICAL_REBOOT: Venting heat to 0
[KernelPanic] Panic triggered: CRITICAL_REBOOT

stdout | src/game/systems/kernel-panic.test.ts > KernelPanicSystem > Stability reduces effective chance
[KernelPanicSystem] Initializing and registering listeners...

stdout | src/game/systems/kernel-panic.test.ts > KernelPanicSystem > Stability reduces effective chance
[KernelPanic] >> EVALUATING OVERCLOCK for entity 1 <<
[KernelPanic] Heat: 110/100 (110.0%)
[KernelPanic] Eligible tiers: [HUD_GLITCH]
[KernelPanic] Rolling for Tier: HUD_GLITCH (Base 0.15, Stability -0.1 -> Eff 0.05). Roll: 0.10
[KernelPanic] >> FAILED roll for HUD_GLITCH
[KernelPanic] No panics triggered after rolling all eligible tiers.
[KernelPanic] >> EVALUATING OVERCLOCK for entity 1 <<
[KernelPanic] Heat: 110/100 (110.0%)
[KernelPanic] Eligible tiers: [HUD_GLITCH]
[KernelPanic] Rolling for Tier: HUD_GLITCH (Base 0.15, Stability -0.1 -> Eff 0.05). Roll: 0.04
[KernelPanic] >> SUCCESS: Applying HUD_GLITCH
[KernelPanic] Panic triggered: HUD_GLITCH

stdout | src/game/systems/kernel-panic.test.ts > KernelPanicSystem > High stability can reduce chance to 0
[KernelPanicSystem] Initializing and registering listeners...

stdout | src/game/systems/kernel-panic.test.ts > KernelPanicSystem > High stability can reduce chance to 0
[KernelPanic] >> EVALUATING OVERCLOCK for entity 1 <<
[KernelPanic] Heat: 110/100 (110.0%)
[KernelPanic] Eligible tiers: [HUD_GLITCH]
[KernelPanic] Rolling for Tier: HUD_GLITCH (Base 0.15, Stability -0.15 -> Eff 0.00). Roll: 0.00
[KernelPanic] >> FAILED roll for HUD_GLITCH
[KernelPanic] No panics triggered after rolling all eligible tiers.

stdout | src/game/systems/kernel-panic.test.ts > KernelPanicSystem > CRITICAL_REBOOT forces Heat to 0
[KernelPanicSystem] Initializing and registering listeners...

stdout | src/game/systems/kernel-panic.test.ts > KernelPanicSystem > CRITICAL_REBOOT forces Heat to 0
[KernelPanic] >> EVALUATING OVERCLOCK for entity 1 <<
[KernelPanic] Heat: 170/100 (170.0%)
[KernelPanic] Eligible tiers: [HUD_GLITCH, INPUT_LAG, FIRMWARE_LOCK, CRITICAL_REBOOT]
[KernelPanic] Rolling for Tier: CRITICAL_REBOOT (Base 1, Stability 0 -> Eff 1.00). Roll: 0.00
[KernelPanic] >> SUCCESS: Applying CRITICAL_REBOOT
[KernelPanic] >> CRITICAL_REBOOT: Venting heat to 0
[KernelPanic] Panic triggered: CRITICAL_REBOOT

stdout | src/game/systems/kernel-panic.test.ts > KernelPanicSystem > CRITICAL_REBOOT applies status effect with duration 3
[KernelPanicSystem] Initializing and registering listeners...

stdout | src/game/systems/kernel-panic.test.ts > KernelPanicSystem > CRITICAL_REBOOT applies status effect with duration 3
[KernelPanic] >> EVALUATING OVERCLOCK for entity 1 <<
[KernelPanic] Heat: 170/100 (170.0%)
[KernelPanic] Eligible tiers: [HUD_GLITCH, INPUT_LAG, FIRMWARE_LOCK, CRITICAL_REBOOT]
[KernelPanic] Rolling for Tier: CRITICAL_REBOOT (Base 1, Stability 0 -> Eff 1.00). Roll: 0.00
[KernelPanic] >> SUCCESS: Applying CRITICAL_REBOOT
[KernelPanic] >> CRITICAL_REBOOT: Venting heat to 0
[KernelPanic] Panic triggered: CRITICAL_REBOOT

stdout | src/game/systems/kernel-panic.test.ts > KernelPanicSystem > checkOverclock emits KERNEL_PANIC_TRIGGERED event when roll succeeds
[KernelPanicSystem] Initializing and registering listeners...

stdout | src/game/systems/kernel-panic.test.ts > KernelPanicSystem > checkOverclock emits KERNEL_PANIC_TRIGGERED event when roll succeeds
[KernelPanic] >> EVALUATING OVERCLOCK for entity 1 <<
[KernelPanic] Heat: 110/100 (110.0%)
[KernelPanic] Eligible tiers: [HUD_GLITCH]
[KernelPanic] Rolling for Tier: HUD_GLITCH (Base 0.15, Stability 0 -> Eff 0.15). Roll: 0.00
[KernelPanic] >> SUCCESS: Applying HUD_GLITCH
[KernelPanic] Panic triggered: HUD_GLITCH

stdout | src/game/systems/kernel-panic.test.ts > KernelPanicSystem > checkOverclock does NOT apply effect when roll fails
[KernelPanicSystem] Initializing and registering listeners...

stdout | src/game/systems/kernel-panic.test.ts > KernelPanicSystem > checkOverclock does NOT apply effect when roll fails
[KernelPanic] >> EVALUATING OVERCLOCK for entity 1 <<
[KernelPanic] Heat: 110/100 (110.0%)
[KernelPanic] Eligible tiers: [HUD_GLITCH]
[KernelPanic] Rolling for Tier: HUD_GLITCH (Base 0.15, Stability 0 -> Eff 0.15). Roll: 0.99
[KernelPanic] >> FAILED roll for HUD_GLITCH
[KernelPanic] No panics triggered after rolling all eligible tiers.

stdout | src/game/systems/kernel-panic.test.ts > KernelPanicSystem > triggers checkOverclock on HEAT_CHANGED when heat increases
[KernelPanicSystem] Initializing and registering listeners...

stdout | src/game/systems/kernel-panic.test.ts > KernelPanicSystem > triggers checkOverclock on HEAT_CHANGED when heat increases
[KernelPanic] EVENT_RECEIVED: HEAT_CHANGED for entity 1 (Old: 100, New: 110)
[KernelPanic] >> EVALUATING OVERCLOCK for entity 1 <<
[KernelPanic] Heat: 110/100 (110.0%)
[KernelPanic] Eligible tiers: [HUD_GLITCH]
[KernelPanic] Rolling for Tier: HUD_GLITCH (Base 0.15, Stability 0 -> Eff 0.15). Roll: 0.00
[KernelPanic] >> SUCCESS: Applying HUD_GLITCH
[KernelPanic] Panic triggered: HUD_GLITCH
[StatusEffectSystem] Applying HUD_GLITCH to entity 1 (Duration: 2, Source: kernel_panic)

stdout | src/game/systems/kernel-panic.test.ts > KernelPanicSystem > does NOT trigger checkOverclock on HEAT_CHANGED when heat decreases
[KernelPanicSystem] Initializing and registering listeners...

stdout | src/game/systems/kernel-panic.test.ts > KernelPanicSystem > does NOT trigger checkOverclock on HEAT_CHANGED when heat decreases
[KernelPanic] EVENT_RECEIVED: HEAT_CHANGED for entity 1 (Old: 110, New: 50)

stdout | src/game/systems/kernel-panic.test.ts > KernelPanicSystem > it correctly selects tier 1 for heat just above 100%
[KernelPanicSystem] Initializing and registering listeners...

stdout | src/game/systems/kernel-panic.test.ts > KernelPanicSystem > it correctly selects tier 1 for heat just above 100%
[KernelPanic] >> EVALUATING OVERCLOCK for entity 1 <<
[KernelPanic] Heat: 100.5/100 (100.5%)
[KernelPanic] Eligible tiers: [HUD_GLITCH]
[KernelPanic] Rolling for Tier: HUD_GLITCH (Base 0.15, Stability 0 -> Eff 0.15). Roll: 0.00
[KernelPanic] >> SUCCESS: Applying HUD_GLITCH
[KernelPanic] Panic triggered: HUD_GLITCH

 ✓ src/game/systems/kernel-panic.test.ts (14 tests) 8ms
stdout | src/tests/integration/tech-demo.test.ts > Tech Demo Integration > should flow from MainMenu to Playing to GameOver
[KernelPanicSystem] Initializing and registering listeners...
[2026-05-09T16:37:19.659Z] [INFO] [SETUP] Entering Playing state
[2026-05-09T16:37:19.659Z] [INFO] [SETUP] Input manager enabled and Turn manager started

 ✓ src/tests/integration/tech-demo.test.ts (1 test) 10ms
 ✓ src/game/systems/combat.test.ts (5 tests) 5ms
stdout | src/app/api/session/__tests__/persistence.test.ts > Profile Persistence Integration > POST /api/session > uses provided sessionId and loads profile
[API] Session created: test-session (seed: test-seed)

stdout | src/app/api/session/__tests__/persistence.test.ts > Profile Persistence Integration > POST /api/session > uses default-player-session if none provided
[API] Session created: default-player-session (seed: test-seed)

stdout | src/app/api/session/__tests__/persistence.test.ts > Profile Persistence Integration > POST /api/action with RUN_ENDED > saves profile with extraction rewards
[2026-05-09T16:37:19.756Z] [INFO] [API] Processing action: ANCHOR_EXTRACT for session: test-session
[API] Session Found for test-session. PlayerId: 1

stdout | src/app/api/session/__tests__/persistence.test.ts > Profile Persistence Integration > POST /api/action with RUN_ENDED > saves profile with extraction rewards
[2026-05-09T16:37:19.756Z] [INFO] [API] Sending FULL state sync (Massive Change: true).

 ✓ src/app/api/session/__tests__/persistence.test.ts (3 tests) 7ms
 ✓ src/app/persistence/__tests__/fs-profile-repository.test.ts (2 tests) 9ms
 ✓ src/rendering/tilemap-build.test.ts (4 tests) 4ms
 ✓ src/game/input/input-manager.test.ts (12 tests) 8ms
stdout | src/app/api/action/__tests__/action.test.ts > Action API Route > should process a valid MOVE action
[2026-05-09T16:37:20.095Z] [INFO] [API] Processing action: MOVE for session: test-session
[API] Session Found for test-session. PlayerId: 1
[2026-05-09T16:37:20.096Z] [INFO] [API] Sending FULL state sync (Massive Change: true).

stdout | src/app/api/action/__tests__/action.test.ts > Action API Route > should process a WAIT action
[2026-05-09T16:37:20.097Z] [INFO] [API] Processing action: WAIT for session: test-session
[API] Session Found for test-session. PlayerId: 1
[2026-05-09T16:37:20.097Z] [INFO] [API] Sending FULL state sync (Massive Change: true).

stdout | src/app/api/action/__tests__/action.test.ts > Action API Route > should return 404 for missing session
[2026-05-09T16:37:20.098Z] [INFO] [API] Processing action: WAIT for session: non-existent

stderr | src/app/api/action/__tests__/action.test.ts > Action API Route > should return 404 for missing session
[2026-05-09T16:37:20.098Z] [WARN] [API] Session NOT FOUND: non-existent

stdout | src/app/api/action/__tests__/action.test.ts > Action API Route > should process enemy turns during the player action request
[2026-05-09T16:37:20.099Z] [INFO] [API] Processing action: MOVE for session: test-session
[API] Session Found for test-session. PlayerId: 1
[2026-05-09T16:37:20.099Z] [INFO] [API] Sending FULL state sync (Massive Change: true).

 ✓ src/app/api/action/__tests__/action.test.ts (5 tests) 9ms
 ✓ src/game/entities/templates/__tests__/software-templates.test.ts (65 tests) 8ms
 ✓ src/app/api/economy/__tests__/compile.test.ts (3 tests) 7ms
 ✓ src/app/api/economy/__tests__/install.test.ts (2 tests) 7ms
 ✓ src/app/api/run-mode/__tests__/launch.test.ts (2 tests) 8ms
stdout | src/app/api/session/__tests__/session.test.ts > Session API Route > should create a new session with valid parameters
[KernelPanicSystem] Initializing and registering listeners...
[API] Session created: default-player-session (seed: test-seed)

 ✓ src/app/api/session/__tests__/session.test.ts (2 tests) 9ms
stdout | src/tests/integration/shell-to-player.test.ts > Shell To Player Integration > should apply shell stats to the spawned player entity
[KernelPanicSystem] Initializing and registering listeners...

 ✓ src/tests/integration/shell-to-player.test.ts (1 test) 8ms
stdout | src/game/systems/__tests__/blueprint-drops.test.ts > Currency Drop System > spawns scrap on Tier 1 enemy death
[2026-05-09T16:37:20.471Z] [INFO] [CurrencyDropSystem] Dropped scrap: 14
[2026-05-09T16:37:20.471Z] [INFO] [CurrencyDropSystem] Dropped blueprint: Displacement_Venting.arc

stdout | src/game/systems/__tests__/blueprint-drops.test.ts > Currency Drop System > may spawn Flux on Tier 2 enemy death
[2026-05-09T16:37:20.473Z] [INFO] [CurrencyDropSystem] Dropped scrap: 22
[2026-05-09T16:37:20.473Z] [INFO] [CurrencyDropSystem] Dropped flux: 1
[2026-05-09T16:37:20.473Z] [INFO] [CurrencyDropSystem] Dropped blueprint: Phase_Shift.sh

 ✓ src/game/systems/__tests__/blueprint-drops.test.ts (2 tests) 6ms
stdout | src/shared/__tests__/pipeline.test.ts > ActionPipeline > should process a MOVE action and update state
[2026-05-09T16:37:20.517Z] [DEBUG] [PIPELINE] Processing action: MOVE { type: 'MOVE', dx: 1, dy: 0 }

stdout | src/shared/__tests__/pipeline.test.ts > ActionPipeline > should process a MOVE action into an enemy as a bump attack
[2026-05-09T16:37:20.520Z] [DEBUG] [PIPELINE] Processing action: MOVE { type: 'MOVE', dx: 1, dy: 0 }

stdout | src/shared/__tests__/pipeline.test.ts > ActionPipeline > should handle WAIT action with no changes
[2026-05-09T16:37:20.521Z] [DEBUG] [PIPELINE] Processing action: WAIT { type: 'WAIT' }

 ✓ src/shared/__tests__/pipeline.test.ts (3 tests) 9ms
stdout | src/game/systems/firmware.test.ts > FirmwareSystem > activateAbility adds heatCost to players Heat
[FirmwareSystem] Activating ability in slot 0 for entity 1 at (6, 6)
[HeatSystem] addHeat: entity 1 +10 -> new heat: 10

stdout | src/game/systems/firmware.test.ts > FirmwareSystem > activateAbility with dash effectType moves player to target position
[FirmwareSystem] Activating ability in slot 0 for entity 1 at (7, 6)
[HeatSystem] addHeat: entity 1 +5 -> new heat: 5

stdout | src/game/systems/firmware.test.ts > FirmwareSystem > activateAbility with ranged_attack effectType deals damage to target entity
[FirmwareSystem] Activating ability in slot 0 for entity 1 at (4, 4)
[HeatSystem] addHeat: entity 1 +15 -> new heat: 15

stdout | src/game/systems/firmware.test.ts > FirmwareSystem > activateAbility with toggle_vision toggles isActive on ability entity
[FirmwareSystem] Activating ability in slot 0 for entity 1 at (5, 5)
[HeatSystem] addHeat: entity 1 +0 -> new heat: 0
[FirmwareSystem] Activating ability in slot 0 for entity 1 at (5, 5)
[HeatSystem] addHeat: entity 1 +0 -> new heat: 0

stdout | src/game/systems/firmware.test.ts > FirmwareSystem > activateAbility with isLegacy=true doubles the Heat cost
[FirmwareSystem] Activating ability in slot 0 for entity 1 at (6, 6)
[HeatSystem] addHeat: entity 1 +20 -> new heat: 20

stdout | src/game/systems/firmware.test.ts > FirmwareSystem > activateAbility emits FIRMWARE_ACTIVATED event
[FirmwareSystem] Activating ability in slot 0 for entity 1 at (6, 6)
[HeatSystem] addHeat: entity 1 +10 -> new heat: 10

stdout | src/game/systems/firmware.test.ts > FirmwareSystem > activateAbility rejects target out of range
[FirmwareSystem] Activating ability in slot 0 for entity 1 at (8, 8)

 ✓ src/game/systems/firmware.test.ts (8 tests) 6ms
 ✓ src/engine/grid/grid.test.ts (18 tests) 11ms
 ✓ src/game/states/game-states.test.ts (6 tests) 3ms
 ✓ src/game/systems/__tests__/run-mode-integration.test.ts (1 test) 6ms
 ✓ src/app/api/economy/__tests__/upgrade.test.ts (2 tests) 6ms
stdout | src/game/systems/__tests__/legacy-system-integration.test.ts > Legacy System Integration > doubles heat cost for legacy firmware
[FirmwareSystem] Activating ability in slot 0 for entity 1 at (1, 0)

 ✓ src/game/systems/__tests__/legacy-system-integration.test.ts (2 tests) 8ms
 ✓ src/shared/components/__tests__/currency-components.test.ts (7 tests) 4ms
 ✓ src/game/entities/templates/__tests__/firmware-templates.test.ts (8 tests) 4ms
 ✓ src/game/entities/factory.integration.test.ts (6 tests) 6ms
 ✓ src/game/systems/item-pickup.test.ts (6 tests) 6ms
 ✓ src/rendering/filters/__tests__/heat-visual-effects.test.ts (10 tests) 3ms
 ✓ src/engine/ecs/world.test.ts (20 tests) 6ms
stdout | src/game/systems/heat.test.ts > Heat System > Functional Tests > addHeat() increases current Heat accurately
[HeatSystem] addHeat: entity 1 +20 -> new heat: 20

 ✓ src/game/systems/heat.test.ts (13 tests) 5ms
 ✓ src/app/api/__tests__/economy-validation.test.ts (3 tests) 7ms
stdout | src/tests/integration/death-equipment-clear.test.ts > Death Equipment Clearing > should clear equipment slots when entity dies
[2026-05-09T16:37:21.420Z] [DEBUG] [PIPELINE] Processing action: ATTACK { type: 'ATTACK', targetId: 1 }
[2026-05-09T16:37:21.422Z] [DEBUG] [PIPELINE] Processing action: ATTACK { type: 'ATTACK', targetId: 1 }

 ✓ src/tests/integration/death-equipment-clear.test.ts (1 test) 6ms
 ✓ src/game/systems/vault-manager.test.ts (9 tests) 10ms
 ✓ src/game/systems/__tests__/currency-pickup.test.ts (3 tests) 8ms
 ✓ src/game/input/targeting.test.ts (6 tests) 4ms
 ✓ src/engine/entity/builder.test.ts (11 tests) 5ms
 ✓ tests/rendering/entity-sprite-map.test.ts (3 tests) 4ms
 ✓ src/game/ui/__tests__/store.test.ts (7 tests) 5ms
 ✓ src/game/systems/ai.test.ts (6 tests) 5ms
 ✓ src/shared/__tests__/serialization.test.ts (2 tests) 4ms
stdout | src/game/systems/run-ender.test.ts > RunEnderSystem > should emit RUN_ENDED when ANCHOR_EXTRACT is emitted
[RunEnderSystem] executeRunEnd STARTED. Reason: extraction
[RunEnderSystem] executeRunEnd: Player found (1), isSuccess: true

 ✓ src/game/systems/run-ender.test.ts (1 test) 4ms
stdout | src/shared/__tests__/death-pity.test.ts > Death Pity and Extraction (RunEnderSystem) > ENTITY_DIED (player) sets inventory Scrap to 25% pity
[RunEnderSystem] executeRunEnd STARTED. Reason: death
[RunEnderSystem] executeRunEnd: Player found (1), isSuccess: false
[RunEnderSystem] executeRunEnd (FAIL): totalScrap: 100, pityScrap: 25

 ✓ src/game/entities/templates/__tests__/augment-templates.test.ts (6 tests) 5ms
stdout | src/shared/__tests__/death-pity.test.ts > Death Pity and Extraction (RunEnderSystem) > ANCHOR_EXTRACT transfers scrap and calculates flux bonus
[RunEnderSystem] executeRunEnd STARTED. Reason: extraction
[RunEnderSystem] executeRunEnd: Player found (1), isSuccess: true

stdout | src/shared/__tests__/death-pity.test.ts > Death Pity and Extraction (RunEnderSystem) > ENTITY_DIED (player) works even if entity destruction is pending in event queue
[RunEnderSystem] executeRunEnd STARTED. Reason: death
[RunEnderSystem] executeRunEnd: Player found (1), isSuccess: false
[RunEnderSystem] executeRunEnd (FAIL): totalScrap: 1000, pityScrap: 250

 ✓ src/shared/__tests__/death-pity.test.ts (3 tests) 5ms
 ✓ src/engine/events/event-bus.test.ts (7 tests) 3ms
 ✓ src/engine/state-machine/state-machine.test.ts (7 tests) 4ms
 ✓ tests/rendering/fov-visibility.test.ts (9 tests) 4ms
 ✓ src/game/systems/augment.test.ts (10 tests) 3ms
 ✓ src/engine/entity/registry.test.ts (4 tests) 3ms
 ✓ tests/rendering/sprite-cleanup.test.ts (3 tests) 5ms
 ✓ src/shared/components/__tests__/shell.test.ts (5 tests) 4ms
 ✓ src/game/events/events.test.ts (3 tests) 9ms
 ✓ src/game/systems/movement.test.ts (4 tests) 3ms
 ✓ src/engine/generation/flood-fill.test.ts (6 tests) 5ms
 ✓ src/game/shells/__tests__/shell-registry.test.ts (5 tests) 3ms
 ✓ src/shared/components/__tests__/port-config.test.ts (4 tests) 4ms
 ✓ src/game/systems/__tests__/shop-rotation.test.ts (4 tests) 2ms
 ✓ tests/rendering/entity-fov-gating.test.ts (5 tests) 3ms
 ✓ src/rendering/filters/__tests__/particle-emitters.test.ts (3 tests) 2ms
 ✓ src/game/shells/__tests__/template-loading.test.ts (3 tests) 2ms
 ✓ tests/rendering/viewport-culling.test.ts (4 tests) 2ms
 ✓ tests/rendering/camera-lerp.test.ts (4 tests) 2ms
 ✓ src/rendering/layer-ordering.test.ts (1 test) 2ms
 ✓ tests/rendering/attack-anim.test.ts (2 tests) 3ms
 ✓ tests/rendering/death-anim.test.ts (1 test) 2ms
 ✓ src/game/systems/run-mode-config.test.ts (2 tests) 2ms
 ✓ src/game/systems/__tests__/legacy-code.test.ts (3 tests) 2ms
 ✓ tests/rendering/camera.test.ts (3 tests) 2ms
 ✓ src/game/systems/__tests__/winners-item.test.ts (1 test) 1ms
 ✓ tests/rendering/move-tween.test.ts (2 tests) 2ms
 ✓ src/rendering/animations.test.ts (3 tests) 2ms

 Test Files  86 passed (86)
      Tests  526 passed (526)
   Start at  09:37:17
   Duration  5.39s (transform 4.07s, setup 0ms, import 11.59s, tests 1.17s, environment 41.79s)

